main.c:134:5:main	448	static
main.c:353:6:double_to_char	24	static
main.c:358:7:RAD_TO_DEG	16	static
main.c:363:7:DEG_TO_RAD	16	static
main.c:368:6:CF	96	static
main.c:395:6:SystemClock_Config	88	static
main.c:439:13:MX_CRC_Init	8	static
main.c:465:13:MX_DMA2D_Init	8	static
main.c:502:13:MX_I2C3_Init	8	static
main.c:548:13:MX_LTDC_Init	64	static
main.c:610:13:MX_SPI5_Init	8	static
main.c:648:13:MX_TIM1_Init	32	static
main.c:694:13:MX_USART1_UART_Init	8	static
main.c:723:13:MX_FMC_Init	40	static
main.c:774:13:MX_GPIO_Init	64	static
main.c:865:6:StartDefaultTask	16	static
main.c:886:6:HAL_TIM_PeriodElapsedCallback	16	static
main.c:903:6:Error_Handler	4	static,ignoring_inline_asm
