main.c:134:5:main	416	static
main.c:359:6:double_to_char	24	static
main.c:364:8:RAD_TO_DEG	16	static
main.c:369:8:DEG_TO_RAD	16	static
main.c:374:6:CF	168	static
main.c:401:6:SystemClock_Config	88	static
main.c:445:13:MX_CRC_Init	8	static
main.c:471:13:MX_DMA2D_Init	8	static
main.c:508:13:MX_I2C3_Init	8	static
main.c:554:13:MX_LTDC_Init	64	static
main.c:616:13:MX_SPI5_Init	8	static
main.c:654:13:MX_TIM1_Init	32	static
main.c:700:13:MX_USART1_UART_Init	8	static
main.c:729:13:MX_FMC_Init	40	static
main.c:780:13:MX_GPIO_Init	64	static
main.c:871:6:StartDefaultTask	16	static
main.c:892:6:HAL_TIM_PeriodElapsedCallback	16	static
main.c:909:6:Error_Handler	4	static,ignoring_inline_asm
